2026-08-21T23:02:46Z INF Thank you for trying Cloudflare Tunnel. Doing so, without a Cloudflare account, is a quick way to experiment and try it out. However, be aware that these account-less Tunnels have no uptime guarantee, are subject to the Cloudflare Online Services Terms of Use (https://www.cloudflare.com/website-terms/), and Cloudflare reserves the right to investigate your use of Tunnels for violations of such terms. If you intend to use Tunnels in production you should use a pre-created named tunnel by following: https://developers.cloudflare.com/cloudflare-one/connections/connect-apps
2026-08-21T23:02:46Z INF Requesting new quick Tunnel on trycloudflare.com...
2026-08-21T23:02:51Z INF +--------------------------------------------------------------------------------------------+
2026-08-21T23:02:51Z INF |  Your quick Tunnel has been created! Visit it at (it may take some time to be reachable):  |
2026-08-21T23:02:51Z INF |  https://produced-kingdom-balanced-humidity.trycloudflare.com                              |
2026-08-21T23:02:51Z INF +--------------------------------------------------------------------------------------------+
2026-08-21T23:02:51Z INF Cannot determine default configuration path. No file [config.yml config.yaml] in [~/.cloudflared ~/.cloudflare-warp ~/cloudflare-warp /etc/cloudflared /usr/local/etc/cloudflared]
2026-08-21T23:02:51Z INF Version 2026.8.2 (Checksum fcfb02b575a52ca1af2e3267af4e1517bcdeb30ac48c834c69abaed3c0576ad2)
2026-08-21T23:02:51Z INF GOOS: linux, GOVersion: go1.26.4, GoArch: amd64
2026-08-21T23:02:51Z INF Settings: map[ha-connections:1 protocol:quic url:http://127.0.0.1:4096]
2026-08-21T23:02:51Z INF cloudflared will not automatically update if installed by a package manager.
2026-08-21T23:02:51Z INF Generated Connector ID: 540acd62-179c-4020-b1f3-e10607919b7c
2026-08-21T23:02:52Z INF Initial protocol quic
2026-08-21T23:02:52Z INF ICMP proxy will use 10.1.0.89 as source for IPv4
2026-08-21T23:02:52Z INF ICMP proxy will use fe80::7eed:8dff:fe63:a9d2 in zone eth0 as source for IPv6
2026-08-21T23:02:52Z WRN The user running cloudflared process has a GID (group ID) that is not within ping_group_range. You might need to add that user to a group within that range, or instead update the range to encompass a group the user is already in by modifying /proc/sys/net/ipv4/ping_group_range. Otherwise cloudflared will not be able to ping this network error="Group ID 1001 is not between ping group 1 to 0"
2026-08-21T23:02:52Z WRN ICMP proxy feature is disabled error="cannot create ICMPv4 proxy: Group ID 1001 is not between ping group 1 to 0 nor ICMPv6 proxy: socket: permission denied"
2026/08/21 23:02:52 failed to sufficiently increase receive buffer size (was: 1024 kiB, wanted: 7168 kiB, got: 2048 kiB). See https://github.com/quic-go/quic-go/wiki/UDP-Buffer-Sizes for details.
2026-08-21T23:02:52Z INF ICMP proxy will use 10.1.0.89 as source for IPv4
2026-08-21T23:02:52Z INF ICMP proxy will use fe80::7eed:8dff:fe63:a9d2 in zone eth0 as source for IPv6
2026-08-21T23:02:52Z INF Starting metrics server on 127.0.0.1:20241/metrics
2026-08-21T23:02:52Z INF Tunnel connection curve preferences: [X25519MLKEM768 CurveID(65074) CurveP256] connIndex=0 event=0 ip=198.41.192.77
2026-08-21T23:02:52Z INF Registered tunnel connection connIndex=0 connection=c50ddc54-2345-45b4-afbe-d22bf5b63974 event=0 ip=198.41.192.77 location=dfw15 protocol=quic
2026-08-21T23:02:58Z INF +-------------------------------------------------------------------------------------+
2026-08-21T23:02:58Z INF |                               CONNECTIVITY PRE-CHECKS                               |
2026-08-21T23:02:58Z INF +-------------------------------------------------------------------------------------+
2026-08-21T23:02:58Z INF |  COMPONENT         TARGET                     STATUS  DETAILS                       |
2026-08-21T23:02:58Z INF |  DNS Resolution    region1.v2.argotunnel.com  PASS    DNS Resolved successfully     |
2026-08-21T23:02:58Z INF |  DNS Resolution    region2.v2.argotunnel.com  PASS    DNS Resolved successfully     |
2026-08-21T23:02:58Z INF |  UDP Connectivity  region1.v2.argotunnel.com  PASS    QUIC connection successful    |
2026-08-21T23:02:58Z INF |  UDP Connectivity  region2.v2.argotunnel.com  PASS    QUIC connection successful    |
2026-08-21T23:02:58Z INF |  TCP Connectivity  region1.v2.argotunnel.com  PASS    HTTP/2 connection successful  |
2026-08-21T23:02:58Z INF |  TCP Connectivity  region2.v2.argotunnel.com  PASS    HTTP/2 connection successful  |
2026-08-21T23:02:58Z INF |  Cloudflare API    api.cloudflare.com:443     PASS    API is reachable              |
2026-08-21T23:02:58Z INF |                                                                                     |
2026-08-21T23:02:58Z INF |  SUMMARY: Environment is healthy. cloudflared will use 'quic' as primary protocol.  |
2026-08-21T23:02:58Z INF +-------------------------------------------------------------------------------------+
2026-08-21T23:02:58Z INF precheck component="DNS Resolution" details="DNS Resolved successfully" run_id=638ef20a-bcbc-4c1a-90aa-c4fc35a1545f status=pass target=region1.v2.argotunnel.com
2026-08-21T23:02:58Z INF precheck component="DNS Resolution" details="DNS Resolved successfully" run_id=638ef20a-bcbc-4c1a-90aa-c4fc35a1545f status=pass target=region2.v2.argotunnel.com
2026-08-21T23:02:58Z INF precheck component="UDP Connectivity" details="QUIC connection successful" run_id=638ef20a-bcbc-4c1a-90aa-c4fc35a1545f status=pass target=region1.v2.argotunnel.com
2026-08-21T23:02:58Z INF precheck component="UDP Connectivity" details="QUIC connection successful" run_id=638ef20a-bcbc-4c1a-90aa-c4fc35a1545f status=pass target=region2.v2.argotunnel.com
2026-08-21T23:02:58Z INF precheck component="TCP Connectivity" details="HTTP/2 connection successful" run_id=638ef20a-bcbc-4c1a-90aa-c4fc35a1545f status=pass target=region1.v2.argotunnel.com
2026-08-21T23:02:58Z INF precheck component="TCP Connectivity" details="HTTP/2 connection successful" run_id=638ef20a-bcbc-4c1a-90aa-c4fc35a1545f status=pass target=region2.v2.argotunnel.com
2026-08-21T23:02:58Z INF precheck component="Cloudflare API" details="API is reachable" run_id=638ef20a-bcbc-4c1a-90aa-c4fc35a1545f status=pass target=api.cloudflare.com:443
2026-08-21T23:02:58Z INF precheck complete hard_fail=false run_id=638ef20a-bcbc-4c1a-90aa-c4fc35a1545f suggested_protocol=quic
